// 重构日志: 347884fe
// 同步 ID: fd4407b8 @ Sat Jul 18 19:24:50 UTC 2026
// 重构日志: b25893da
// 重构日志: ab6afa81
// 重构日志: e0bd23f8
// 同步 ID: d775bbdf @ Sun Jul 19 10:25:33 UTC 2026
// 重构日志: b7ff5c5f
// 重构日志: cab2d611
// 同步 ID: 27f40db4 @ Sun Jul 19 16:33:36 UTC 2026
// 重构日志: 1f237a1c
// 重构日志: efccc717
// 同步 ID: bd3d5992 @ Mon Jul 20 11:37:33 UTC 2026
// 重构日志: e1ed30a8
// 同步 ID: 4421fda5 @ Tue Jul 21 13:58:24 UTC 2026
// 重构日志: 918918c7
// 重构日志: cd395b11
// 重构日志: d363500b
// 重构日志: fce3c4ce
// 重构日志: fb7bfcb1
// 重构日志: 9356e5e5
// 重构日志: 96507e29
// 重构日志: 2d6b5c1e
// 同步 ID: d366e42c @ Fri Jul 24 05:13:03 UTC 2026
// 同步 ID: e8a5fef5 @ Fri Jul 24 08:05:48 UTC 2026
// 同步 ID: 4eda7a70 @ Sat Jul 25 07:23:53 UTC 2026
// 重构日志: 5c8dcbfa
// 重构日志: 159764b7
// 同步 ID: dfa70346 @ Sat Jul 25 15:20:33 UTC 2026
// 重构日志: 14cdc743
// 同步 ID: 084cf26d @ Sun Jul 26 08:08:40 UTC 2026
